<?xml version="1.0" encoding="ISO-8859-1" ?>
<link_info>
   <banner>TI ARM Linker Unix v18.1.4.LTS</banner>
   <copyright>Copyright (c) 1996-2018 Texas Instruments Incorporated</copyright>
   <link_time>0x5e44bd0c</link_time>
   <link_errors>0x0</link_errors>
   <output_file>Am Skater Game.out</output_file>
   <entry_point>
      <name>_c_int00_noargs</name>
      <address>0x3b79</address>
   </entry_point>
   <input_file_list>
      <input_file id="fl-1">
         <path>./</path>
         <kind>object</kind>
         <file>Nokia5110.obj</file>
         <name>Nokia5110.obj</name>
      </input_file>
      <input_file id="fl-2">
         <path>./</path>
         <kind>object</kind>
         <file>botoes.obj</file>
         <name>botoes.obj</name>
      </input_file>
      <input_file id="fl-3">
         <path>./</path>
         <kind>object</kind>
         <file>main.obj</file>
         <name>main.obj</name>
      </input_file>
      <input_file id="fl-4">
         <path>./</path>
         <kind>object</kind>
         <file>skater.obj</file>
         <name>skater.obj</name>
      </input_file>
      <input_file id="fl-5">
         <path>./</path>
         <kind>object</kind>
         <file>tm4c123gh6pm_startup_ccs.obj</file>
         <name>tm4c123gh6pm_startup_ccs.obj</name>
      </input_file>
      <input_file id="fl-a">
         <kind>object</kind>
         <file>&lt;internal&gt;</file>
         <name>&lt;internal&gt;</name>
      </input_file>
      <input_file id="fl-b">
         <path>/home/gui/.wine/drive_c/ti/TivaWare_C_Series-2.1.4.178/driverlib/ccs/Debug/</path>
         <kind>archive</kind>
         <file>driverlib.lib</file>
         <name>gpio.obj</name>
      </input_file>
      <input_file id="fl-c">
         <path>/home/gui/.wine/drive_c/ti/TivaWare_C_Series-2.1.4.178/driverlib/ccs/Debug/</path>
         <kind>archive</kind>
         <file>driverlib.lib</file>
         <name>interrupt.obj</name>
      </input_file>
      <input_file id="fl-d">
         <path>/home/gui/.wine/drive_c/ti/TivaWare_C_Series-2.1.4.178/driverlib/ccs/Debug/</path>
         <kind>archive</kind>
         <file>driverlib.lib</file>
         <name>sysctl.obj</name>
      </input_file>
      <input_file id="fl-e">
         <path>/home/gui/.wine/drive_c/ti/TivaWare_C_Series-2.1.4.178/driverlib/ccs/Debug/</path>
         <kind>archive</kind>
         <file>driverlib.lib</file>
         <name>systick.obj</name>
      </input_file>
      <input_file id="fl-f">
         <path>/home/gui/.wine/drive_c/ti/TivaWare_C_Series-2.1.4.178/driverlib/ccs/Debug/</path>
         <kind>archive</kind>
         <file>driverlib.lib</file>
         <name>cpu.obj</name>
      </input_file>
      <input_file id="fl-c5">
         <path>/home/gui/ccs/ccsv8/tools/compiler/ti-cgt-arm_18.1.4.LTS/lib/</path>
         <kind>archive</kind>
         <file>rtsv7M4_T_le_v4SPD16_eabi.lib</file>
         <name>memcpy_t2.asm.obj</name>
      </input_file>
      <input_file id="fl-c6">
         <path>/home/gui/ccs/ccsv8/tools/compiler/ti-cgt-arm_18.1.4.LTS/lib/</path>
         <kind>archive</kind>
         <file>rtsv7M4_T_le_v4SPD16_eabi.lib</file>
         <name>copy_zero_init.c.obj</name>
      </input_file>
      <input_file id="fl-c7">
         <path>/home/gui/ccs/ccsv8/tools/compiler/ti-cgt-arm_18.1.4.LTS/lib/</path>
         <kind>archive</kind>
         <file>rtsv7M4_T_le_v4SPD16_eabi.lib</file>
         <name>copy_decompress_none.c.obj</name>
      </input_file>
      <input_file id="fl-c8">
         <path>/home/gui/ccs/ccsv8/tools/compiler/ti-cgt-arm_18.1.4.LTS/lib/</path>
         <kind>archive</kind>
         <file>rtsv7M4_T_le_v4SPD16_eabi.lib</file>
         <name>copy_decompress_lzss.c.obj</name>
      </input_file>
      <input_file id="fl-c9">
         <path>/home/gui/ccs/ccsv8/tools/compiler/ti-cgt-arm_18.1.4.LTS/lib/</path>
         <kind>archive</kind>
         <file>rtsv7M4_T_le_v4SPD16_eabi.lib</file>
         <name>boot_cortex_m.c.obj</name>
      </input_file>
      <input_file id="fl-ca">
         <path>/home/gui/ccs/ccsv8/tools/compiler/ti-cgt-arm_18.1.4.LTS/lib/</path>
         <kind>archive</kind>
         <file>rtsv7M4_T_le_v4SPD16_eabi.lib</file>
         <name>exit.c.obj</name>
      </input_file>
      <input_file id="fl-cb">
         <path>/home/gui/ccs/ccsv8/tools/compiler/ti-cgt-arm_18.1.4.LTS/lib/</path>
         <kind>archive</kind>
         <file>rtsv7M4_T_le_v4SPD16_eabi.lib</file>
         <name>_lock.c.obj</name>
      </input_file>
      <input_file id="fl-cc">
         <path>/home/gui/ccs/ccsv8/tools/compiler/ti-cgt-arm_18.1.4.LTS/lib/</path>
         <kind>archive</kind>
         <file>rtsv7M4_T_le_v4SPD16_eabi.lib</file>
         <name>args_main.c.obj</name>
      </input_file>
      <input_file id="fl-cd">
         <path>/home/gui/ccs/ccsv8/tools/compiler/ti-cgt-arm_18.1.4.LTS/lib/</path>
         <kind>archive</kind>
         <file>rtsv7M4_T_le_v4SPD16_eabi.lib</file>
         <name>rand.c.obj</name>
      </input_file>
      <input_file id="fl-ce">
         <path>/home/gui/ccs/ccsv8/tools/compiler/ti-cgt-arm_18.1.4.LTS/lib/</path>
         <kind>archive</kind>
         <file>rtsv7M4_T_le_v4SPD16_eabi.lib</file>
         <name>memset_t2.asm.obj</name>
      </input_file>
      <input_file id="fl-cf">
         <path>/home/gui/ccs/ccsv8/tools/compiler/ti-cgt-arm_18.1.4.LTS/lib/</path>
         <kind>archive</kind>
         <file>rtsv7M4_T_le_v4SPD16_eabi.lib</file>
         <name>autoinit.c.obj</name>
      </input_file>
      <input_file id="fl-d0">
         <path>/home/gui/ccs/ccsv8/tools/compiler/ti-cgt-arm_18.1.4.LTS/lib/</path>
         <kind>archive</kind>
         <file>rtsv7M4_T_le_v4SPD16_eabi.lib</file>
         <name>pre_init.c.obj</name>
      </input_file>
      <input_file id="fl-d1">
         <path>/home/gui/ccs/ccsv8/tools/compiler/ti-cgt-arm_18.1.4.LTS/lib/</path>
         <kind>archive</kind>
         <file>rtsv7M4_T_le_v4SPD16_eabi.lib</file>
         <name>cpy_tbl.c.obj</name>
      </input_file>
   </input_file_list>
   <object_component_list>
      <object_component id="oc-f">
         <name>.intvecs</name>
         <load_address>0x0</load_address>
         <run_address>0x0</run_address>
         <size>0x26c</size>
         <input_file_ref idref="fl-5"/>
      </object_component>
      <object_component id="oc-7d">
         <name>.text</name>
         <load_address>0x2270</load_address>
         <run_address>0x2270</run_address>
         <size>0xb00</size>
         <input_file_ref idref="fl-1"/>
      </object_component>
      <object_component id="oc-71">
         <name>.text</name>
         <load_address>0x2d70</load_address>
         <run_address>0x2d70</run_address>
         <size>0x92c</size>
         <input_file_ref idref="fl-4"/>
      </object_component>
      <object_component id="oc-15f">
         <name>.text:GPIOPadConfigSet</name>
         <load_address>0x369c</load_address>
         <run_address>0x369c</run_address>
         <size>0x132</size>
         <input_file_ref idref="fl-b"/>
      </object_component>
      <object_component id="oc-2bd">
         <name>.text:_nop</name>
         <load_address>0x37ce</load_address>
         <run_address>0x37ce</run_address>
         <size>0x2</size>
         <input_file_ref idref="fl-cb"/>
      </object_component>
      <object_component id="oc-83">
         <name>.text</name>
         <load_address>0x37d0</load_address>
         <run_address>0x37d0</run_address>
         <size>0x11c</size>
         <input_file_ref idref="fl-2"/>
      </object_component>
      <object_component id="oc-77">
         <name>.text:SysCtlClockSet</name>
         <load_address>0x38ec</load_address>
         <run_address>0x38ec</run_address>
         <size>0xf4</size>
         <input_file_ref idref="fl-d"/>
      </object_component>
      <object_component id="oc-3e">
         <name>.text</name>
         <load_address>0x39e0</load_address>
         <run_address>0x39e0</run_address>
         <size>0x9c</size>
         <input_file_ref idref="fl-c5"/>
      </object_component>
      <object_component id="oc-12">
         <name>.text:decompress:lzss:__TI_decompress_lzss</name>
         <load_address>0x3a7c</load_address>
         <run_address>0x3a7c</run_address>
         <size>0x68</size>
         <input_file_ref idref="fl-c8"/>
      </object_component>
      <object_component id="oc-2a">
         <name>.text</name>
         <load_address>0x3ae4</load_address>
         <run_address>0x3ae4</run_address>
         <size>0x50</size>
         <input_file_ref idref="fl-3"/>
      </object_component>
      <object_component id="oc-197">
         <name>.text:__TI_auto_init_nobinit_nopinit:__TI_auto_init_nobinit_nopinit</name>
         <load_address>0x3b34</load_address>
         <run_address>0x3b34</run_address>
         <size>0x44</size>
         <input_file_ref idref="fl-cf"/>
      </object_component>
      <object_component id="oc-5c">
         <name>.text:_c_int00_noargs:_c_int00_noargs</name>
         <load_address>0x3b78</load_address>
         <run_address>0x3b78</run_address>
         <size>0x38</size>
         <input_file_ref idref="fl-c9"/>
      </object_component>
      <object_component id="oc-14d">
         <name>.text:SysCtlPeripheralEnable</name>
         <load_address>0x3bb0</load_address>
         <run_address>0x3bb0</run_address>
         <size>0x34</size>
         <input_file_ref idref="fl-d"/>
      </object_component>
      <object_component id="oc-10f">
         <name>.text:rand</name>
         <load_address>0x3be4</load_address>
         <run_address>0x3be4</run_address>
         <size>0x34</size>
         <input_file_ref idref="fl-cd"/>
      </object_component>
      <object_component id="oc-260">
         <name>.text:GPIODirModeSet</name>
         <load_address>0x3c18</load_address>
         <run_address>0x3c18</run_address>
         <size>0x2a</size>
         <input_file_ref idref="fl-b"/>
      </object_component>
      <object_component id="oc-109">
         <name>.text:srand</name>
         <load_address>0x3c44</load_address>
         <run_address>0x3c44</run_address>
         <size>0x24</size>
         <input_file_ref idref="fl-cd"/>
      </object_component>
      <object_component id="oc-159">
         <name>.text:GPIOPinTypeGPIOOutput</name>
         <load_address>0x3c68</load_address>
         <run_address>0x3c68</run_address>
         <size>0x18</size>
         <input_file_ref idref="fl-b"/>
      </object_component>
      <object_component id="oc-f7">
         <name>.text:SysTickDisable</name>
         <load_address>0x3c80</load_address>
         <run_address>0x3c80</run_address>
         <size>0x14</size>
         <input_file_ref idref="fl-e"/>
      </object_component>
      <object_component id="oc-89">
         <name>.text:SysTickEnable</name>
         <load_address>0x3c94</load_address>
         <run_address>0x3c94</run_address>
         <size>0x14</size>
         <input_file_ref idref="fl-e"/>
      </object_component>
      <object_component id="oc-8f">
         <name>.text:SysTickIntEnable</name>
         <load_address>0x3ca8</load_address>
         <run_address>0x3ca8</run_address>
         <size>0x14</size>
         <input_file_ref idref="fl-e"/>
      </object_component>
      <object_component id="oc-153">
         <name>.text:GPIOPinTypeGPIOInput</name>
         <load_address>0x3cbc</load_address>
         <run_address>0x3cbc</run_address>
         <size>0x12</size>
         <input_file_ref idref="fl-b"/>
      </object_component>
      <object_component id="oc-4a">
         <name>.text:decompress:ZI:__TI_zero_init_nomemset:__TI_zero_init_nomemset</name>
         <load_address>0x3cce</load_address>
         <run_address>0x3cce</run_address>
         <size>0x12</size>
         <input_file_ref idref="fl-c6"/>
      </object_component>
      <object_component id="oc-95">
         <name>.text:SysTickPeriodSet</name>
         <load_address>0x3ce0</load_address>
         <run_address>0x3ce0</run_address>
         <size>0x10</size>
         <input_file_ref idref="fl-e"/>
      </object_component>
      <object_component id="oc-18">
         <name>.text:decompress:none:__TI_decompress_none</name>
         <load_address>0x3cf0</load_address>
         <run_address>0x3cf0</run_address>
         <size>0xe</size>
         <input_file_ref idref="fl-c7"/>
      </object_component>
      <object_component id="oc-103">
         <name>.text:SysTickValueGet</name>
         <load_address>0x3d00</load_address>
         <run_address>0x3d00</run_address>
         <size>0xc</size>
         <input_file_ref idref="fl-e"/>
      </object_component>
      <object_component id="oc-24">
         <name>.text</name>
         <load_address>0x3d0c</load_address>
         <run_address>0x3d0c</run_address>
         <size>0xc</size>
         <input_file_ref idref="fl-5"/>
      </object_component>
      <object_component id="oc-16b">
         <name>.text:GPIOPinRead</name>
         <load_address>0x3d18</load_address>
         <run_address>0x3d18</run_address>
         <size>0x6</size>
         <input_file_ref idref="fl-b"/>
      </object_component>
      <object_component id="oc-165">
         <name>.text:GPIOPinWrite</name>
         <load_address>0x3d1e</load_address>
         <run_address>0x3d1e</run_address>
         <size>0x6</size>
         <input_file_ref idref="fl-b"/>
      </object_component>
      <object_component id="oc-d5">
         <name>.text:SysCtlDelay</name>
         <load_address>0x3d24</load_address>
         <run_address>0x3d24</run_address>
         <size>0x6</size>
         <input_file_ref idref="fl-d"/>
      </object_component>
      <object_component id="oc-c3">
         <name>.text:_system_pre_init</name>
         <load_address>0x3d2a</load_address>
         <run_address>0x3d2a</run_address>
         <size>0x4</size>
         <input_file_ref idref="fl-d0"/>
      </object_component>
      <object_component id="oc-18b">
         <name>.text:abort:abort</name>
         <load_address>0x3d2e</load_address>
         <run_address>0x3d2e</run_address>
         <size>0x4</size>
         <input_file_ref idref="fl-ca"/>
      </object_component>
      <object_component id="oc-fd">
         <name>.const:.string:ajuda1_Bitmap</name>
         <load_address>0x26c</load_address>
         <run_address>0x26c</run_address>
         <size>0x1f8</size>
         <input_file_ref idref="fl-4"/>
      </object_component>
      <object_component id="oc-f4">
         <name>.const:.string:ajuda3_Bitmap</name>
         <load_address>0x464</load_address>
         <run_address>0x464</run_address>
         <size>0x1f8</size>
         <input_file_ref idref="fl-4"/>
      </object_component>
      <object_component id="oc-f1">
         <name>.const:.string:ajuda_Bitmap</name>
         <load_address>0x65c</load_address>
         <run_address>0x65c</run_address>
         <size>0x1f8</size>
         <input_file_ref idref="fl-4"/>
      </object_component>
      <object_component id="oc-118">
         <name>.const:.string:game_over2_Bitmap</name>
         <load_address>0x854</load_address>
         <run_address>0x854</run_address>
         <size>0x1f8</size>
         <input_file_ref idref="fl-4"/>
      </object_component>
      <object_component id="oc-115">
         <name>.const:.string:game_over_Bitmap</name>
         <load_address>0xa4c</load_address>
         <run_address>0xa4c</run_address>
         <size>0x1f8</size>
         <input_file_ref idref="fl-4"/>
      </object_component>
      <object_component id="oc-ee">
         <name>.const:.string:menu_Bitmap</name>
         <load_address>0xc44</load_address>
         <run_address>0xc44</run_address>
         <size>0x1f8</size>
         <input_file_ref idref="fl-4"/>
      </object_component>
      <object_component id="oc-21c">
         <name>.const:.string:stage1_Bitmap</name>
         <load_address>0xe3c</load_address>
         <run_address>0xe3c</run_address>
         <size>0x1f8</size>
         <input_file_ref idref="fl-4"/>
      </object_component>
      <object_component id="oc-21f">
         <name>.const:.string:stage2_Bitmap</name>
         <load_address>0x1034</load_address>
         <run_address>0x1034</run_address>
         <size>0x1f8</size>
         <input_file_ref idref="fl-4"/>
      </object_component>
      <object_component id="oc-222">
         <name>.const:.string:stage3_Bitmap</name>
         <load_address>0x122c</load_address>
         <run_address>0x122c</run_address>
         <size>0x1f8</size>
         <input_file_ref idref="fl-4"/>
      </object_component>
      <object_component id="oc-225">
         <name>.const:.string:stage4_Bitmap</name>
         <load_address>0x1424</load_address>
         <run_address>0x1424</run_address>
         <size>0x1f8</size>
         <input_file_ref idref="fl-4"/>
      </object_component>
      <object_component id="oc-228">
         <name>.const:.string:stagebonus_Bitmap</name>
         <load_address>0x161c</load_address>
         <run_address>0x161c</run_address>
         <size>0x1f8</size>
         <input_file_ref idref="fl-4"/>
      </object_component>
      <object_component id="oc-11e">
         <name>.const:.string:youwin2_Bitmap</name>
         <load_address>0x1814</load_address>
         <run_address>0x1814</run_address>
         <size>0x1f8</size>
         <input_file_ref idref="fl-4"/>
      </object_component>
      <object_component id="oc-11b">
         <name>.const:.string:youwin_Bitmap</name>
         <load_address>0x1a0c</load_address>
         <run_address>0x1a0c</run_address>
         <size>0x1f8</size>
         <input_file_ref idref="fl-4"/>
      </object_component>
      <object_component id="oc-13b">
         <name>.const:ASCII</name>
         <load_address>0x1c04</load_address>
         <run_address>0x1c04</run_address>
         <size>0x1e0</size>
         <input_file_ref idref="fl-1"/>
      </object_component>
      <object_component id="oc-144">
         <name>.const:.string:$P$T0$1</name>
         <load_address>0x1de4</load_address>
         <run_address>0x1de4</run_address>
         <size>0x70</size>
         <input_file_ref idref="fl-1"/>
      </object_component>
      <object_component id="oc-121">
         <name>.const:.string:circulo_Bitmap</name>
         <load_address>0x1e54</load_address>
         <run_address>0x1e54</run_address>
         <size>0x69</size>
         <input_file_ref idref="fl-4"/>
      </object_component>
      <object_component id="oc-202">
         <name>.const:.string:skater1_Bitmap</name>
         <load_address>0x1ebd</load_address>
         <run_address>0x1ebd</run_address>
         <size>0x68</size>
         <input_file_ref idref="fl-4"/>
      </object_component>
      <object_component id="oc-205">
         <name>.const:.string:skater2_Bitmap</name>
         <load_address>0x1f25</load_address>
         <run_address>0x1f25</run_address>
         <size>0x68</size>
         <input_file_ref idref="fl-4"/>
      </object_component>
      <object_component id="oc-208">
         <name>.const:.string:skater3_Bitmap</name>
         <load_address>0x1f8d</load_address>
         <run_address>0x1f8d</run_address>
         <size>0x68</size>
         <input_file_ref idref="fl-4"/>
      </object_component>
      <object_component id="oc-20b">
         <name>.const:.string:skater4_Bitmap</name>
         <load_address>0x1ff5</load_address>
         <run_address>0x1ff5</run_address>
         <size>0x68</size>
         <input_file_ref idref="fl-4"/>
      </object_component>
      <object_component id="oc-20e">
         <name>.const:.string:skater5_Bitmap</name>
         <load_address>0x205d</load_address>
         <run_address>0x205d</run_address>
         <size>0x68</size>
         <input_file_ref idref="fl-4"/>
      </object_component>
      <object_component id="oc-d6">
         <name>.const:.string:bg_Bitmap</name>
         <load_address>0x20c5</load_address>
         <run_address>0x20c5</run_address>
         <size>0x54</size>
         <input_file_ref idref="fl-4"/>
      </object_component>
      <object_component id="oc-12a">
         <name>.const:.string:scorefinal2_Bitmap</name>
         <load_address>0x2119</load_address>
         <run_address>0x2119</run_address>
         <size>0x36</size>
         <input_file_ref idref="fl-4"/>
      </object_component>
      <object_component id="oc-12d">
         <name>.const:.string:scorefinal3_Bitmap</name>
         <load_address>0x214f</load_address>
         <run_address>0x214f</run_address>
         <size>0x36</size>
         <input_file_ref idref="fl-4"/>
      </object_component>
      <object_component id="oc-124">
         <name>.const:.string:scorefinal_Bitmap</name>
         <load_address>0x2185</load_address>
         <run_address>0x2185</run_address>
         <size>0x36</size>
         <input_file_ref idref="fl-4"/>
      </object_component>
      <object_component id="oc-e8">
         <name>.const:.string:obsinicio_Bitmap</name>
         <load_address>0x21bb</load_address>
         <run_address>0x21bb</run_address>
         <size>0x16</size>
         <input_file_ref idref="fl-4"/>
      </object_component>
      <object_component id="oc-127">
         <name>.const:.string:skate_Bitmap</name>
         <load_address>0x21d1</load_address>
         <run_address>0x21d1</run_address>
         <size>0x15</size>
         <input_file_ref idref="fl-4"/>
      </object_component>
      <object_component id="oc-130">
         <name>.const:.string:bg1_Bitmap</name>
         <load_address>0x21e6</load_address>
         <run_address>0x21e6</run_address>
         <size>0x12</size>
         <input_file_ref idref="fl-4"/>
      </object_component>
      <object_component id="oc-d9">
         <name>.const:.string:scorebg_Bitmap</name>
         <load_address>0x21f8</load_address>
         <run_address>0x21f8</run_address>
         <size>0x10</size>
         <input_file_ref idref="fl-4"/>
      </object_component>
      <object_component id="oc-1f2">
         <name>.const:.string:obs1_Bitmap</name>
         <load_address>0x2208</load_address>
         <run_address>0x2208</run_address>
         <size>0xb</size>
         <input_file_ref idref="fl-4"/>
      </object_component>
      <object_component id="oc-1f5">
         <name>.const:.string:obs2_Bitmap</name>
         <load_address>0x2213</load_address>
         <run_address>0x2213</run_address>
         <size>0xb</size>
         <input_file_ref idref="fl-4"/>
      </object_component>
      <object_component id="oc-1f8">
         <name>.const:.string:obs3_Bitmap</name>
         <load_address>0x221e</load_address>
         <run_address>0x221e</run_address>
         <size>0xb</size>
         <input_file_ref idref="fl-4"/>
      </object_component>
      <object_component id="oc-1fb">
         <name>.const:.string:obs4_Bitmap</name>
         <load_address>0x2229</load_address>
         <run_address>0x2229</run_address>
         <size>0xb</size>
         <input_file_ref idref="fl-4"/>
      </object_component>
      <object_component id="oc-141">
         <name>.const:.string:Masks</name>
         <load_address>0x2234</load_address>
         <run_address>0x2234</run_address>
         <size>0x8</size>
         <input_file_ref idref="fl-1"/>
      </object_component>
      <object_component id="oc-1dd">
         <name>.const:.string:cinco_Bitmap</name>
         <load_address>0x223c</load_address>
         <run_address>0x223c</run_address>
         <size>0x5</size>
         <input_file_ref idref="fl-4"/>
      </object_component>
      <object_component id="oc-1d4">
         <name>.const:.string:dois_Bitmap</name>
         <load_address>0x2241</load_address>
         <run_address>0x2241</run_address>
         <size>0x5</size>
         <input_file_ref idref="fl-4"/>
      </object_component>
      <object_component id="oc-1e9">
         <name>.const:.string:nove_Bitmap</name>
         <load_address>0x2246</load_address>
         <run_address>0x2246</run_address>
         <size>0x5</size>
         <input_file_ref idref="fl-4"/>
      </object_component>
      <object_component id="oc-1e6">
         <name>.const:.string:oito_Bitmap</name>
         <load_address>0x224b</load_address>
         <run_address>0x224b</run_address>
         <size>0x5</size>
         <input_file_ref idref="fl-4"/>
      </object_component>
      <object_component id="oc-1da">
         <name>.const:.string:quatro_Bitmap</name>
         <load_address>0x2250</load_address>
         <run_address>0x2250</run_address>
         <size>0x5</size>
         <input_file_ref idref="fl-4"/>
      </object_component>
      <object_component id="oc-1e0">
         <name>.const:.string:seis_Bitmap</name>
         <load_address>0x2255</load_address>
         <run_address>0x2255</run_address>
         <size>0x5</size>
         <input_file_ref idref="fl-4"/>
      </object_component>
      <object_component id="oc-1e3">
         <name>.const:.string:sete_Bitmap</name>
         <load_address>0x225a</load_address>
         <run_address>0x225a</run_address>
         <size>0x5</size>
         <input_file_ref idref="fl-4"/>
      </object_component>
      <object_component id="oc-1d7">
         <name>.const:.string:tres_Bitmap</name>
         <load_address>0x225f</load_address>
         <run_address>0x225f</run_address>
         <size>0x5</size>
         <input_file_ref idref="fl-4"/>
      </object_component>
      <object_component id="oc-1d1">
         <name>.const:.string:um_Bitmap</name>
         <load_address>0x2264</load_address>
         <run_address>0x2264</run_address>
         <size>0x5</size>
         <input_file_ref idref="fl-4"/>
      </object_component>
      <object_component id="oc-1ce">
         <name>.const:.string:zero_Bitmap</name>
         <load_address>0x2269</load_address>
         <run_address>0x2269</run_address>
         <size>0x5</size>
         <input_file_ref idref="fl-4"/>
      </object_component>
      <object_component id="oc-31d">
         <name>.cinit..data.load</name>
         <load_address>0x3d38</load_address>
         <run_address>0x3d38</run_address>
         <size>0xb1</size>
      </object_component>
      <object_component id="oc-31b">
         <name>__TI_handler_table</name>
         <load_address>0x3dec</load_address>
         <run_address>0x3dec</run_address>
         <size>0xc</size>
      </object_component>
      <object_component id="oc-31e">
         <name>.cinit..bss.load</name>
         <load_address>0x3df8</load_address>
         <run_address>0x3df8</run_address>
         <size>0x8</size>
      </object_component>
      <object_component id="oc-31c">
         <name>__TI_cinit_table</name>
         <load_address>0x3e00</load_address>
         <run_address>0x3e00</run_address>
         <size>0x10</size>
      </object_component>
      <object_component id="oc-eb">
         <name>.data:skater</name>
         <load_address>0x200004d8</load_address>
         <run_address>0x200004d8</run_address>
         <size>0x14</size>
         <input_file_ref idref="fl-4"/>
      </object_component>
      <object_component id="oc-e5">
         <name>.data:obstac</name>
         <load_address>0x200004ec</load_address>
         <run_address>0x200004ec</run_address>
         <size>0x10</size>
         <input_file_ref idref="fl-4"/>
      </object_component>
      <object_component id="oc-100">
         <name>.data:stage</name>
         <load_address>0x200004c0</load_address>
         <run_address>0x200004c0</run_address>
         <size>0x18</size>
         <input_file_ref idref="fl-4"/>
      </object_component>
      <object_component id="oc-dc">
         <name>.data:numeros_Bitmap</name>
         <load_address>0x20000498</load_address>
         <run_address>0x20000498</run_address>
         <size>0x28</size>
         <input_file_ref idref="fl-4"/>
      </object_component>
      <object_component id="oc-df">
         <name>.data</name>
         <load_address>0x200003f8</load_address>
         <run_address>0x200003f8</run_address>
         <size>0x64</size>
         <input_file_ref idref="fl-4"/>
      </object_component>
      <object_component id="oc-e2">
         <name>.data:posicao_obstaculo_X</name>
         <load_address>0x2000045c</load_address>
         <run_address>0x2000045c</run_address>
         <size>0x3c</size>
         <input_file_ref idref="fl-4"/>
      </object_component>
      <object_component id="oc-22e">
         <name>.data:$O1$$</name>
         <load_address>0x200004fc</load_address>
         <run_address>0x200004fc</run_address>
         <size>0x8</size>
         <input_file_ref idref="fl-cb"/>
      </object_component>
      <object_component id="oc-231">
         <name>.data</name>
         <load_address>0x20000504</load_address>
         <run_address>0x20000504</run_address>
         <size>0x4</size>
         <input_file_ref idref="fl-cd"/>
      </object_component>
      <object_component id="oc-13e">
         <name>.common:Screen</name>
         <uninitialized>true</uninitialized>
         <run_address>0x20000200</run_address>
         <size>0x1f8</size>
      </object_component>
      <object_component id="oc-21">
         <name>.stack</name>
         <uninitialized>true</uninitialized>
         <run_address>0x20000000</run_address>
         <size>0x4</size>
         <input_file_ref idref="fl-c9"/>
      </object_component>
      <object_component id="oc-31f">
         <name>.stack</name>
         <uninitialized>true</uninitialized>
         <run_address>0x20000000</run_address>
         <size>0x0</size>
      </object_component>
      <object_component id="oc-13f">
         <name>.debug_info</name>
         <load_address>0x0</load_address>
         <run_address>0x0</run_address>
         <size>0x305</size>
         <input_file_ref idref="fl-1"/>
      </object_component>
      <object_component id="oc-13c">
         <name>.debug_info</name>
         <load_address>0x305</load_address>
         <run_address>0x305</run_address>
         <size>0xdb</size>
         <input_file_ref idref="fl-1"/>
      </object_component>
      <object_component id="oc-142">
         <name>.debug_info</name>
         <load_address>0x3e0</load_address>
         <run_address>0x3e0</run_address>
         <size>0xdd</size>
         <input_file_ref idref="fl-1"/>
      </object_component>
      <object_component id="oc-145">
         <name>.debug_info</name>
         <load_address>0x4bd</load_address>
         <run_address>0x4bd</run_address>
         <size>0xe0</size>
         <input_file_ref idref="fl-1"/>
      </object_component>
      <object_component id="oc-7e">
         <name>.debug_info</name>
         <load_address>0x59d</load_address>
         <run_address>0x59d</run_address>
         <size>0x1400</size>
         <input_file_ref idref="fl-1"/>
      </object_component>
      <object_component id="oc-9e">
         <name>.debug_info</name>
         <load_address>0x199d</load_address>
         <run_address>0x199d</run_address>
         <size>0x26b</size>
         <input_file_ref idref="fl-1"/>
      </object_component>
      <object_component id="oc-39">
         <name>.debug_info</name>
         <load_address>0x1c08</load_address>
         <run_address>0x1c08</run_address>
         <size>0x84</size>
         <input_file_ref idref="fl-1"/>
      </object_component>
      <object_component id="oc-176">
         <name>.debug_info</name>
         <load_address>0x1c8c</load_address>
         <run_address>0x1c8c</run_address>
         <size>0x297</size>
         <input_file_ref idref="fl-1"/>
      </object_component>
      <object_component id="oc-a3">
         <name>.debug_info</name>
         <load_address>0x1f23</load_address>
         <run_address>0x1f23</run_address>
         <size>0xbb</size>
         <input_file_ref idref="fl-1"/>
      </object_component>
      <object_component id="oc-148">
         <name>.debug_info</name>
         <load_address>0x1fde</load_address>
         <run_address>0x1fde</run_address>
         <size>0x3f</size>
         <input_file_ref idref="fl-1"/>
      </object_component>
      <object_component id="oc-84">
         <name>.debug_info</name>
         <load_address>0x201d</load_address>
         <run_address>0x201d</run_address>
         <size>0x451</size>
         <input_file_ref idref="fl-2"/>
      </object_component>
      <object_component id="oc-2b">
         <name>.debug_info</name>
         <load_address>0x246e</load_address>
         <run_address>0x246e</run_address>
         <size>0x234</size>
         <input_file_ref idref="fl-3"/>
      </object_component>
      <object_component id="oc-1cb">
         <name>.debug_info</name>
         <load_address>0x26a2</load_address>
         <run_address>0x26a2</run_address>
         <size>0x5d6</size>
         <input_file_ref idref="fl-4"/>
      </object_component>
      <object_component id="oc-ef">
         <name>.debug_info</name>
         <load_address>0x2c78</load_address>
         <run_address>0x2c78</run_address>
         <size>0xe5</size>
         <input_file_ref idref="fl-4"/>
      </object_component>
      <object_component id="oc-f2">
         <name>.debug_info</name>
         <load_address>0x2d5d</load_address>
         <run_address>0x2d5d</run_address>
         <size>0xe7</size>
         <input_file_ref idref="fl-4"/>
      </object_component>
      <object_component id="oc-fe">
         <name>.debug_info</name>
         <load_address>0x2e44</load_address>
         <run_address>0x2e44</run_address>
         <size>0xe9</size>
         <input_file_ref idref="fl-4"/>
      </object_component>
      <object_component id="oc-f5">
         <name>.debug_info</name>
         <load_address>0x2f2d</load_address>
         <run_address>0x2f2d</run_address>
         <size>0xe9</size>
         <input_file_ref idref="fl-4"/>
      </object_component>
      <object_component id="oc-d7">
         <name>.debug_info</name>
         <load_address>0x3016</load_address>
         <run_address>0x3016</run_address>
         <size>0xe1</size>
         <input_file_ref idref="fl-4"/>
      </object_component>
      <object_component id="oc-131">
         <name>.debug_info</name>
         <load_address>0x30f7</load_address>
         <run_address>0x30f7</run_address>
         <size>0xe3</size>
         <input_file_ref idref="fl-4"/>
      </object_component>
      <object_component id="oc-da">
         <name>.debug_info</name>
         <load_address>0x31da</load_address>
         <run_address>0x31da</run_address>
         <size>0xeb</size>
         <input_file_ref idref="fl-4"/>
      </object_component>
      <object_component id="oc-125">
         <name>.debug_info</name>
         <load_address>0x32c5</load_address>
         <run_address>0x32c5</run_address>
         <size>0xf1</size>
         <input_file_ref idref="fl-4"/>
      </object_component>
      <object_component id="oc-12b">
         <name>.debug_info</name>
         <load_address>0x33b6</load_address>
         <run_address>0x33b6</run_address>
         <size>0xf3</size>
         <input_file_ref idref="fl-4"/>
      </object_component>
      <object_component id="oc-12e">
         <name>.debug_info</name>
         <load_address>0x34a9</load_address>
         <run_address>0x34a9</run_address>
         <size>0xf3</size>
         <input_file_ref idref="fl-4"/>
      </object_component>
      <object_component id="oc-203">
         <name>.debug_info</name>
         <load_address>0x359c</load_address>
         <run_address>0x359c</run_address>
         <size>0xeb</size>
         <input_file_ref idref="fl-4"/>
      </object_component>
      <object_component id="oc-209">
         <name>.debug_info</name>
         <load_address>0x3687</load_address>
         <run_address>0x3687</run_address>
         <size>0xeb</size>
         <input_file_ref idref="fl-4"/>
      </object_component>
      <object_component id="oc-206">
         <name>.debug_info</name>
         <load_address>0x3772</load_address>
         <run_address>0x3772</run_address>
         <size>0xeb</size>
         <input_file_ref idref="fl-4"/>
      </object_component>
      <object_component id="oc-20c">
         <name>.debug_info</name>
         <load_address>0x385d</load_address>
         <run_address>0x385d</run_address>
         <size>0xeb</size>
         <input_file_ref idref="fl-4"/>
      </object_component>
      <object_component id="oc-20f">
         <name>.debug_info</name>
         <load_address>0x3948</load_address>
         <run_address>0x3948</run_address>
         <size>0xeb</size>
         <input_file_ref idref="fl-4"/>
      </object_component>
      <object_component id="oc-ec">
         <name>.debug_info</name>
         <load_address>0x3a33</load_address>
         <run_address>0x3a33</run_address>
         <size>0xdb</size>
         <input_file_ref idref="fl-4"/>
      </object_component>
      <object_component id="oc-1f3">
         <name>.debug_info</name>
         <load_address>0x3b0e</load_address>
         <run_address>0x3b0e</run_address>
         <size>0xe5</size>
         <input_file_ref idref="fl-4"/>
      </object_component>
      <object_component id="oc-1f6">
         <name>.debug_info</name>
         <load_address>0x3bf3</load_address>
         <run_address>0x3bf3</run_address>
         <size>0xe5</size>
         <input_file_ref idref="fl-4"/>
      </object_component>
      <object_component id="oc-1f9">
         <name>.debug_info</name>
         <load_address>0x3cd8</load_address>
         <run_address>0x3cd8</run_address>
         <size>0xe5</size>
         <input_file_ref idref="fl-4"/>
      </object_component>
      <object_component id="oc-1fc">
         <name>.debug_info</name>
         <load_address>0x3dbd</load_address>
         <run_address>0x3dbd</run_address>
         <size>0xe5</size>
         <input_file_ref idref="fl-4"/>
      </object_component>
      <object_component id="oc-e6">
         <name>.debug_info</name>
         <load_address>0x3ea2</load_address>
         <run_address>0x3ea2</run_address>
         <size>0xdb</size>
         <input_file_ref idref="fl-4"/>
      </object_component>
      <object_component id="oc-116">
         <name>.debug_info</name>
         <load_address>0x3f7d</load_address>
         <run_address>0x3f7d</run_address>
         <size>0xef</size>
         <input_file_ref idref="fl-4"/>
      </object_component>
      <object_component id="oc-119">
         <name>.debug_info</name>
         <load_address>0x406c</load_address>
         <run_address>0x406c</run_address>
         <size>0xf1</size>
         <input_file_ref idref="fl-4"/>
      </object_component>
      <object_component id="oc-21d">
         <name>.debug_info</name>
         <load_address>0x415d</load_address>
         <run_address>0x415d</run_address>
         <size>0xe9</size>
         <input_file_ref idref="fl-4"/>
      </object_component>
      <object_component id="oc-220">
         <name>.debug_info</name>
         <load_address>0x4246</load_address>
         <run_address>0x4246</run_address>
         <size>0xe9</size>
         <input_file_ref idref="fl-4"/>
      </object_component>
      <object_component id="oc-223">
         <name>.debug_info</name>
         <load_address>0x432f</load_address>
         <run_address>0x432f</run_address>
         <size>0xe9</size>
         <input_file_ref idref="fl-4"/>
      </object_component>
      <object_component id="oc-226">
         <name>.debug_info</name>
         <load_address>0x4418</load_address>
         <run_address>0x4418</run_address>
         <size>0xe9</size>
         <input_file_ref idref="fl-4"/>
      </object_component>
      <object_component id="oc-229">
         <name>.debug_info</name>
         <load_address>0x4501</load_address>
         <run_address>0x4501</run_address>
         <size>0xf1</size>
         <input_file_ref idref="fl-4"/>
      </object_component>
      <object_component id="oc-11c">
         <name>.debug_info</name>
         <load_address>0x45f2</load_address>
         <run_address>0x45f2</run_address>
         <size>0xe9</size>
         <input_file_ref idref="fl-4"/>
      </object_component>
      <object_component id="oc-101">
         <name>.debug_info</name>
         <load_address>0x46db</load_address>
         <run_address>0x46db</run_address>
         <size>0xd9</size>
         <input_file_ref idref="fl-4"/>
      </object_component>
      <object_component id="oc-11f">
         <name>.debug_info</name>
         <load_address>0x47b4</load_address>
         <run_address>0x47b4</run_address>
         <size>0xeb</size>
         <input_file_ref idref="fl-4"/>
      </object_component>
      <object_component id="oc-1cf">
         <name>.debug_info</name>
         <load_address>0x489f</load_address>
         <run_address>0x489f</run_address>
         <size>0xe5</size>
         <input_file_ref idref="fl-4"/>
      </object_component>
      <object_component id="oc-1d2">
         <name>.debug_info</name>
         <load_address>0x4984</load_address>
         <run_address>0x4984</run_address>
         <size>0xe1</size>
         <input_file_ref idref="fl-4"/>
      </object_component>
      <object_component id="oc-1d5">
         <name>.debug_info</name>
         <load_address>0x4a65</load_address>
         <run_address>0x4a65</run_address>
         <size>0xe5</size>
         <input_file_ref idref="fl-4"/>
      </object_component>
      <object_component id="oc-1d8">
         <name>.debug_info</name>
         <load_address>0x4b4a</load_address>
         <run_address>0x4b4a</run_address>
         <size>0xe5</size>
         <input_file_ref idref="fl-4"/>
      </object_component>
      <object_component id="oc-1db">
         <name>.debug_info</name>
         <load_address>0x4c2f</load_address>
         <run_address>0x4c2f</run_address>
         <size>0xe9</size>
         <input_file_ref idref="fl-4"/>
      </object_component>
      <object_component id="oc-1de">
         <name>.debug_info</name>
         <load_address>0x4d18</load_address>
         <run_address>0x4d18</run_address>
         <size>0xe8</size>
         <input_file_ref idref="fl-4"/>
      </object_component>
      <object_component id="oc-1e1">
         <name>.debug_info</name>
         <load_address>0x4e00</load_address>
         <run_address>0x4e00</run_address>
         <size>0xe6</size>
         <input_file_ref idref="fl-4"/>
      </object_component>
      <object_component id="oc-1e4">
         <name>.debug_info</name>
         <load_address>0x4ee6</load_address>
         <run_address>0x4ee6</run_address>
         <size>0xe6</size>
         <input_file_ref idref="fl-4"/>
      </object_component>
      <object_component id="oc-1e7">
         <name>.debug_info</name>
         <load_address>0x4fcc</load_address>
         <run_address>0x4fcc</run_address>
         <size>0xe6</size>
         <input_file_ref idref="fl-4"/>
      </object_component>
      <object_component id="oc-1ea">
         <name>.debug_info</name>
         <load_address>0x50b2</load_address>
         <run_address>0x50b2</run_address>
         <size>0xe6</size>
         <input_file_ref idref="fl-4"/>
      </object_component>
      <object_component id="oc-dd">
         <name>.debug_info</name>
         <load_address>0x5198</load_address>
         <run_address>0x5198</run_address>
         <size>0xec</size>
         <input_file_ref idref="fl-4"/>
      </object_component>
      <object_component id="oc-122">
         <name>.debug_info</name>
         <load_address>0x5284</load_address>
         <run_address>0x5284</run_address>
         <size>0xec</size>
         <input_file_ref idref="fl-4"/>
      </object_component>
      <object_component id="oc-128">
         <name>.debug_info</name>
         <load_address>0x5370</load_address>
         <run_address>0x5370</run_address>
         <size>0xe8</size>
         <input_file_ref idref="fl-4"/>
      </object_component>
      <object_component id="oc-e9">
         <name>.debug_info</name>
         <load_address>0x5458</load_address>
         <run_address>0x5458</run_address>
         <size>0xf0</size>
         <input_file_ref idref="fl-4"/>
      </object_component>
      <object_component id="oc-e0">
         <name>.debug_info</name>
         <load_address>0x5548</load_address>
         <run_address>0x5548</run_address>
         <size>0x3e6</size>
         <input_file_ref idref="fl-4"/>
      </object_component>
      <object_component id="oc-e3">
         <name>.debug_info</name>
         <load_address>0x592e</load_address>
         <run_address>0x592e</run_address>
         <size>0xf5</size>
         <input_file_ref idref="fl-4"/>
      </object_component>
      <object_component id="oc-72">
         <name>.debug_info</name>
         <load_address>0x5a23</load_address>
         <run_address>0x5a23</run_address>
         <size>0xb2c</size>
         <input_file_ref idref="fl-4"/>
      </object_component>
      <object_component id="oc-32">
         <name>.debug_info</name>
         <load_address>0x654f</load_address>
         <run_address>0x654f</run_address>
         <size>0x2da</size>
         <input_file_ref idref="fl-5"/>
      </object_component>
      <object_component id="oc-10">
         <name>.debug_info</name>
         <load_address>0x6829</load_address>
         <run_address>0x6829</run_address>
         <size>0xf9</size>
         <input_file_ref idref="fl-5"/>
      </object_component>
      <object_component id="oc-25">
         <name>.debug_info</name>
         <load_address>0x6922</load_address>
         <run_address>0x6922</run_address>
         <size>0x275</size>
         <input_file_ref idref="fl-5"/>
      </object_component>
      <object_component id="oc-268">
         <name>.debug_info</name>
         <load_address>0x6b97</load_address>
         <run_address>0x6b97</run_address>
         <size>0x240</size>
         <input_file_ref idref="fl-b"/>
      </object_component>
      <object_component id="oc-166">
         <name>.debug_info</name>
         <load_address>0x6dd7</load_address>
         <run_address>0x6dd7</run_address>
         <size>0x2a3</size>
         <input_file_ref idref="fl-b"/>
      </object_component>
      <object_component id="oc-261">
         <name>.debug_info</name>
         <load_address>0x707a</load_address>
         <run_address>0x707a</run_address>
         <size>0x2b3</size>
         <input_file_ref idref="fl-b"/>
      </object_component>
      <object_component id="oc-160">
         <name>.debug_info</name>
         <load_address>0x732d</load_address>
         <run_address>0x732d</run_address>
         <size>0x316</size>
         <input_file_ref idref="fl-b"/>
      </object_component>
      <object_component id="oc-15a">
         <name>.debug_info</name>
         <load_address>0x7643</load_address>
         <run_address>0x7643</run_address>
         <size>0x2b7</size>
         <input_file_ref idref="fl-b"/>
      </object_component>
      <object_component id="oc-154">
         <name>.debug_info</name>
         <load_address>0x78fa</load_address>
         <run_address>0x78fa</run_address>
         <size>0x285</size>
         <input_file_ref idref="fl-b"/>
      </object_component>
      <object_component id="oc-16c">
         <name>.debug_info</name>
         <load_address>0x7b7f</load_address>
         <run_address>0x7b7f</run_address>
         <size>0x27b</size>
         <input_file_ref idref="fl-b"/>
      </object_component>
      <object_component id="oc-24b">
         <name>.debug_info</name>
         <load_address>0x7dfa</load_address>
         <run_address>0x7dfa</run_address>
         <size>0x8b</size>
         <input_file_ref idref="fl-b"/>
      </object_component>
      <object_component id="oc-135">
         <name>.debug_info</name>
         <load_address>0x7e85</load_address>
         <run_address>0x7e85</run_address>
         <size>0x18b</size>
         <input_file_ref idref="fl-b"/>
      </object_component>
      <object_component id="oc-13a">
         <name>.debug_info</name>
         <load_address>0x8010</load_address>
         <run_address>0x8010</run_address>
         <size>0x298</size>
         <input_file_ref idref="fl-d"/>
      </object_component>
      <object_component id="oc-14e">
         <name>.debug_info</name>
         <load_address>0x82a8</load_address>
         <run_address>0x82a8</run_address>
         <size>0x27d</size>
         <input_file_ref idref="fl-d"/>
      </object_component>
      <object_component id="oc-78">
         <name>.debug_info</name>
         <load_address>0x8525</load_address>
         <run_address>0x8525</run_address>
         <size>0x2db</size>
         <input_file_ref idref="fl-d"/>
      </object_component>
      <object_component id="oc-252">
         <name>.debug_info</name>
         <load_address>0x8800</load_address>
         <run_address>0x8800</run_address>
         <size>0x5f</size>
         <input_file_ref idref="fl-d"/>
      </object_component>
      <object_component id="oc-175">
         <name>.debug_info</name>
         <load_address>0x885f</load_address>
         <run_address>0x885f</run_address>
         <size>0x19d</size>
         <input_file_ref idref="fl-e"/>
      </object_component>
      <object_component id="oc-104">
         <name>.debug_info</name>
         <load_address>0x89fc</load_address>
         <run_address>0x89fc</run_address>
         <size>0x22c</size>
         <input_file_ref idref="fl-e"/>
      </object_component>
      <object_component id="oc-96">
         <name>.debug_info</name>
         <load_address>0x8c28</load_address>
         <run_address>0x8c28</run_address>
         <size>0x261</size>
         <input_file_ref idref="fl-e"/>
      </object_component>
      <object_component id="oc-90">
         <name>.debug_info</name>
         <load_address>0x8e89</load_address>
         <run_address>0x8e89</run_address>
         <size>0x227</size>
         <input_file_ref idref="fl-e"/>
      </object_component>
      <object_component id="oc-8a">
         <name>.debug_info</name>
         <load_address>0x90b0</load_address>
         <run_address>0x90b0</run_address>
         <size>0x221</size>
         <input_file_ref idref="fl-e"/>
      </object_component>
      <object_component id="oc-f8">
         <name>.debug_info</name>
         <load_address>0x92d1</load_address>
         <run_address>0x92d1</run_address>
         <size>0x223</size>
         <input_file_ref idref="fl-e"/>
      </object_component>
      <object_component id="oc-3f">
         <name>.debug_info</name>
         <load_address>0x94f4</load_address>
         <run_address>0x94f4</run_address>
         <size>0x11c</size>
         <input_file_ref idref="fl-c5"/>
      </object_component>
      <object_component id="oc-bc">
         <name>.debug_info</name>
         <load_address>0x9610</load_address>
         <run_address>0x9610</run_address>
         <size>0x31e</size>
         <input_file_ref idref="fl-c6"/>
      </object_component>
      <object_component id="oc-4b">
         <name>.debug_info</name>
         <load_address>0x992e</load_address>
         <run_address>0x992e</run_address>
         <size>0x1bf</size>
         <input_file_ref idref="fl-c6"/>
      </object_component>
      <object_component id="oc-b7">
         <name>.debug_info</name>
         <load_address>0x9aed</load_address>
         <run_address>0x9aed</run_address>
         <size>0x46</size>
         <input_file_ref idref="fl-c6"/>
      </object_component>
      <object_component id="oc-182">
         <name>.debug_info</name>
         <load_address>0x9b33</load_address>
         <run_address>0x9b33</run_address>
         <size>0x2c</size>
         <input_file_ref idref="fl-c6"/>
      </object_component>
      <object_component id="oc-49">
         <name>.debug_info</name>
         <load_address>0x9b5f</load_address>
         <run_address>0x9b5f</run_address>
         <size>0x2a8</size>
         <input_file_ref idref="fl-c7"/>
      </object_component>
      <object_component id="oc-19">
         <name>.debug_info</name>
         <load_address>0x9e07</load_address>
         <run_address>0x9e07</run_address>
         <size>0x1ea</size>
         <input_file_ref idref="fl-c7"/>
      </object_component>
      <object_component id="oc-44">
         <name>.debug_info</name>
         <load_address>0x9ff1</load_address>
         <run_address>0x9ff1</run_address>
         <size>0x46</size>
         <input_file_ref idref="fl-c7"/>
      </object_component>
      <object_component id="oc-af">
         <name>.debug_info</name>
         <load_address>0xa037</load_address>
         <run_address>0xa037</run_address>
         <size>0x2c</size>
         <input_file_ref idref="fl-c7"/>
      </object_component>
      <object_component id="oc-ad">
         <name>.debug_info</name>
         <load_address>0xa063</load_address>
         <run_address>0xa063</run_address>
         <size>0x29e</size>
         <input_file_ref idref="fl-c8"/>
      </object_component>
      <object_component id="oc-13">
         <name>.debug_info</name>
         <load_address>0xa301</load_address>
         <run_address>0xa301</run_address>
         <size>0x250</size>
         <input_file_ref idref="fl-c8"/>
      </object_component>
      <object_component id="oc-34">
         <name>.debug_info</name>
         <load_address>0xa551</load_address>
         <run_address>0xa551</run_address>
         <size>0x60</size>
         <input_file_ref idref="fl-c8"/>
      </object_component>
      <object_component id="oc-17b">
         <name>.debug_info</name>
         <load_address>0xa5b1</load_address>
         <run_address>0xa5b1</run_address>
         <size>0x46</size>
         <input_file_ref idref="fl-c8"/>
      </object_component>
      <object_component id="oc-a8">
         <name>.debug_info</name>
         <load_address>0xa5f7</load_address>
         <run_address>0xa5f7</run_address>
         <size>0x39</size>
         <input_file_ref idref="fl-c8"/>
      </object_component>
      <object_component id="oc-22">
         <name>.debug_info</name>
         <load_address>0xa630</load_address>
         <run_address>0xa630</run_address>
         <size>0x10b</size>
         <input_file_ref idref="fl-c9"/>
      </object_component>
      <object_component id="oc-5d">
         <name>.debug_info</name>
         <load_address>0xa73b</load_address>
         <run_address>0xa73b</run_address>
         <size>0x1af</size>
         <input_file_ref idref="fl-c9"/>
      </object_component>
      <object_component id="oc-18c">
         <name>.debug_info</name>
         <load_address>0xa8ea</load_address>
         <run_address>0xa8ea</run_address>
         <size>0x122</size>
         <input_file_ref idref="fl-ca"/>
      </object_component>
      <object_component id="oc-2c5">
         <name>.debug_info</name>
         <load_address>0xaa0c</load_address>
         <run_address>0xaa0c</run_address>
         <size>0x2c9</size>
         <input_file_ref idref="fl-cb"/>
      </object_component>
      <object_component id="oc-22f">
         <name>.debug_info</name>
         <load_address>0xacd5</load_address>
         <run_address>0xacd5</run_address>
         <size>0x11e</size>
         <input_file_ref idref="fl-cb"/>
      </object_component>
      <object_component id="oc-2be">
         <name>.debug_info</name>
         <load_address>0xadf3</load_address>
         <run_address>0xadf3</run_address>
         <size>0x12e</size>
         <input_file_ref idref="fl-cb"/>
      </object_component>
      <object_component id="oc-235">
         <name>.debug_info</name>
         <load_address>0xaf21</load_address>
         <run_address>0xaf21</run_address>
         <size>0x2ba</size>
         <input_file_ref idref="fl-cd"/>
      </object_component>
      <object_component id="oc-232">
         <name>.debug_info</name>
         <load_address>0xb1db</load_address>
         <run_address>0xb1db</run_address>
         <size>0xfb</size>
         <input_file_ref idref="fl-cd"/>
      </object_component>
      <object_component id="oc-10a">
         <name>.debug_info</name>
         <load_address>0xb2d6</load_address>
         <run_address>0xb2d6</run_address>
         <size>0x15d</size>
         <input_file_ref idref="fl-cd"/>
      </object_component>
      <object_component id="oc-110">
         <name>.debug_info</name>
         <load_address>0xb433</load_address>
         <run_address>0xb433</run_address>
         <size>0x13d</size>
         <input_file_ref idref="fl-cd"/>
      </object_component>
      <object_component id="oc-276">
         <name>.debug_info</name>
         <load_address>0xb570</load_address>
         <run_address>0xb570</run_address>
         <size>0x552</size>
         <input_file_ref idref="fl-cf"/>
      </object_component>
      <object_component id="oc-198">
         <name>.debug_info</name>
         <load_address>0xbac2</load_address>
         <run_address>0xbac2</run_address>
         <size>0x1a6</size>
         <input_file_ref idref="fl-cf"/>
      </object_component>
      <object_component id="oc-2d4">
         <name>.debug_info</name>
         <load_address>0xbc68</load_address>
         <run_address>0xbc68</run_address>
         <size>0x39</size>
         <input_file_ref idref="fl-cf"/>
      </object_component>
      <object_component id="oc-2e8">
         <name>.debug_info</name>
         <load_address>0xbca1</load_address>
         <run_address>0xbca1</run_address>
         <size>0x39</size>
         <input_file_ref idref="fl-cf"/>
      </object_component>
      <object_component id="oc-2d9">
         <name>.debug_info</name>
         <load_address>0xbcda</load_address>
         <run_address>0xbcda</run_address>
         <size>0x39</size>
         <input_file_ref idref="fl-cf"/>
      </object_component>
      <object_component id="oc-2de">
         <name>.debug_info</name>
         <load_address>0xbd13</load_address>
         <run_address>0xbd13</run_address>
         <size>0xcd</size>
         <input_file_ref idref="fl-cf"/>
      </object_component>
      <object_component id="oc-c4">
         <name>.debug_info</name>
         <load_address>0xbde0</load_address>
         <run_address>0xbde0</run_address>
         <size>0x153</size>
         <input_file_ref idref="fl-d0"/>
      </object_component>
      <object_component id="oc-320">
         <name>.debug_info</name>
         <load_address>0xbf33</load_address>
         <run_address>0xbf33</run_address>
         <size>0xaf</size>
      </object_component>
      <object_component id="oc-25a">
         <name>.debug_line</name>
         <load_address>0x0</load_address>
         <run_address>0x0</run_address>
         <size>0x32</size>
         <input_file_ref idref="fl-1"/>
      </object_component>
      <object_component id="oc-258">
         <name>.debug_line</name>
         <load_address>0x32</load_address>
         <run_address>0x32</run_address>
         <size>0x32</size>
         <input_file_ref idref="fl-1"/>
      </object_component>
      <object_component id="oc-25c">
         <name>.debug_line</name>
         <load_address>0x64</load_address>
         <run_address>0x64</run_address>
         <size>0x32</size>
         <input_file_ref idref="fl-1"/>
      </object_component>
      <object_component id="oc-25e">
         <name>.debug_line</name>
         <load_address>0x96</load_address>
         <run_address>0x96</run_address>
         <size>0x32</size>
         <input_file_ref idref="fl-1"/>
      </object_component>
      <object_component id="oc-81">
         <name>.debug_line</name>
         <load_address>0xc8</load_address>
         <run_address>0xc8</run_address>
         <size>0x514</size>
         <input_file_ref idref="fl-1"/>
      </object_component>
      <object_component id="oc-a1">
         <name>.debug_line</name>
         <load_address>0x5dc</load_address>
         <run_address>0x5dc</run_address>
         <size>0x71</size>
         <input_file_ref idref="fl-1"/>
      </object_component>
      <object_component id="oc-3c">
         <name>.debug_line</name>
         <load_address>0x64d</load_address>
         <run_address>0x64d</run_address>
         <size>0x20</size>
         <input_file_ref idref="fl-1"/>
      </object_component>
      <object_component id="oc-179">
         <name>.debug_line</name>
         <load_address>0x66d</load_address>
         <run_address>0x66d</run_address>
         <size>0x75</size>
         <input_file_ref idref="fl-1"/>
      </object_component>
      <object_component id="oc-a6">
         <name>.debug_line</name>
         <load_address>0x6e2</load_address>
         <run_address>0x6e2</run_address>
         <size>0x72</size>
         <input_file_ref idref="fl-1"/>
      </object_component>
      <object_component id="oc-14b">
         <name>.debug_line</name>
         <load_address>0x754</load_address>
         <run_address>0x754</run_address>
         <size>0x32</size>
         <input_file_ref idref="fl-1"/>
      </object_component>
      <object_component id="oc-87">
         <name>.debug_line</name>
         <load_address>0x786</load_address>
         <run_address>0x786</run_address>
         <size>0xb3</size>
         <input_file_ref idref="fl-2"/>
      </object_component>
      <object_component id="oc-2e">
         <name>.debug_line</name>
         <load_address>0x839</load_address>
         <run_address>0x839</run_address>
         <size>0x71</size>
         <input_file_ref idref="fl-3"/>
      </object_component>
      <object_component id="oc-28c">
         <name>.debug_line</name>
         <load_address>0x8aa</load_address>
         <run_address>0x8aa</run_address>
         <size>0x129</size>
         <input_file_ref idref="fl-4"/>
      </object_component>
      <object_component id="oc-214">
         <name>.debug_line</name>
         <load_address>0x9d3</load_address>
         <run_address>0x9d3</run_address>
         <size>0x30</size>
         <input_file_ref idref="fl-4"/>
      </object_component>
      <object_component id="oc-216">
         <name>.debug_line</name>
         <load_address>0xa03</load_address>
         <run_address>0xa03</run_address>
         <size>0x30</size>
         <input_file_ref idref="fl-4"/>
      </object_component>
      <object_component id="oc-21b">
         <name>.debug_line</name>
         <load_address>0xa33</load_address>
         <run_address>0xa33</run_address>
         <size>0x30</size>
         <input_file_ref idref="fl-4"/>
      </object_component>
      <object_component id="oc-218">
         <name>.debug_line</name>
         <load_address>0xa63</load_address>
         <run_address>0xa63</run_address>
         <size>0x30</size>
         <input_file_ref idref="fl-4"/>
      </object_component>
      <object_component id="oc-1ca">
         <name>.debug_line</name>
         <load_address>0xa93</load_address>
         <run_address>0xa93</run_address>
         <size>0x30</size>
         <input_file_ref idref="fl-4"/>
      </object_component>
      <object_component id="oc-24a">
         <name>.debug_line</name>
         <load_address>0xac3</load_address>
         <run_address>0xac3</run_address>
         <size>0x30</size>
         <input_file_ref idref="fl-4"/>
      </object_component>
      <object_component id="oc-1cd">
         <name>.debug_line</name>
         <load_address>0xaf3</load_address>
         <run_address>0xaf3</run_address>
         <size>0x30</size>
         <input_file_ref idref="fl-4"/>
      </object_component>
      <object_component id="oc-242">
         <name>.debug_line</name>
         <load_address>0xb23</load_address>
         <run_address>0xb23</run_address>
         <size>0x30</size>
         <input_file_ref idref="fl-4"/>
      </object_component>
      <object_component id="oc-246">
         <name>.debug_line</name>
         <load_address>0xb53</load_address>
         <run_address>0xb53</run_address>
         <size>0x30</size>
         <input_file_ref idref="fl-4"/>
      </object_component>
      <object_component id="oc-248">
         <name>.debug_line</name>
         <load_address>0xb83</load_address>
         <run_address>0xb83</run_address>
         <size>0x30</size>
         <input_file_ref idref="fl-4"/>
      </object_component>
      <object_component id="oc-2aa">
         <name>.debug_line</name>
         <load_address>0xbb3</load_address>
         <run_address>0xbb3</run_address>
         <size>0x30</size>
         <input_file_ref idref="fl-4"/>
      </object_component>
      <object_component id="oc-2ae">
         <name>.debug_line</name>
         <load_address>0xbe3</load_address>
         <run_address>0xbe3</run_address>
         <size>0x30</size>
         <input_file_ref idref="fl-4"/>
      </object_component>
      <object_component id="oc-2ac">
         <name>.debug_line</name>
         <load_address>0xc13</load_address>
         <run_address>0xc13</run_address>
         <size>0x30</size>
         <input_file_ref idref="fl-4"/>
      </object_component>
      <object_component id="oc-2b0">
         <name>.debug_line</name>
         <load_address>0xc43</load_address>
         <run_address>0xc43</run_address>
         <size>0x30</size>
         <input_file_ref idref="fl-4"/>
      </object_component>
      <object_component id="oc-2b2">
         <name>.debug_line</name>
         <load_address>0xc73</load_address>
         <run_address>0xc73</run_address>
         <size>0x30</size>
         <input_file_ref idref="fl-4"/>
      </object_component>
      <object_component id="oc-212">
         <name>.debug_line</name>
         <load_address>0xca3</load_address>
         <run_address>0xca3</run_address>
         <size>0x30</size>
         <input_file_ref idref="fl-4"/>
      </object_component>
      <object_component id="oc-2a2">
         <name>.debug_line</name>
         <load_address>0xcd3</load_address>
         <run_address>0xcd3</run_address>
         <size>0x30</size>
         <input_file_ref idref="fl-4"/>
      </object_component>
      <object_component id="oc-2a4">
         <name>.debug_line</name>
         <load_address>0xd03</load_address>
         <run_address>0xd03</run_address>
         <size>0x30</size>
         <input_file_ref idref="fl-4"/>
      </object_component>
      <object_component id="oc-2a6">
         <name>.debug_line</name>
         <load_address>0xd33</load_address>
         <run_address>0xd33</run_address>
         <size>0x30</size>
         <input_file_ref idref="fl-4"/>
      </object_component>
      <object_component id="oc-2a8">
         <name>.debug_line</name>
         <load_address>0xd63</load_address>
         <run_address>0xd63</run_address>
         <size>0x30</size>
         <input_file_ref idref="fl-4"/>
      </object_component>
      <object_component id="oc-1ff">
         <name>.debug_line</name>
         <load_address>0xd93</load_address>
         <run_address>0xd93</run_address>
         <size>0x30</size>
         <input_file_ref idref="fl-4"/>
      </object_component>
      <object_component id="oc-238">
         <name>.debug_line</name>
         <load_address>0xdc3</load_address>
         <run_address>0xdc3</run_address>
         <size>0x30</size>
         <input_file_ref idref="fl-4"/>
      </object_component>
      <object_component id="oc-23a">
         <name>.debug_line</name>
         <load_address>0xdf3</load_address>
         <run_address>0xdf3</run_address>
         <size>0x30</size>
         <input_file_ref idref="fl-4"/>
      </object_component>
      <object_component id="oc-2b4">
         <name>.debug_line</name>
         <load_address>0xe23</load_address>
         <run_address>0xe23</run_address>
         <size>0x30</size>
         <input_file_ref idref="fl-4"/>
      </object_component>
      <object_component id="oc-2b6">
         <name>.debug_line</name>
         <load_address>0xe53</load_address>
         <run_address>0xe53</run_address>
         <size>0x30</size>
         <input_file_ref idref="fl-4"/>
      </object_component>
      <object_component id="oc-2b8">
         <name>.debug_line</name>
         <load_address>0xe83</load_address>
         <run_address>0xe83</run_address>
         <size>0x30</size>
         <input_file_ref idref="fl-4"/>
      </object_component>
      <object_component id="oc-2ba">
         <name>.debug_line</name>
         <load_address>0xeb3</load_address>
         <run_address>0xeb3</run_address>
         <size>0x30</size>
         <input_file_ref idref="fl-4"/>
      </object_component>
      <object_component id="oc-2bc">
         <name>.debug_line</name>
         <load_address>0xee3</load_address>
         <run_address>0xee3</run_address>
         <size>0x30</size>
         <input_file_ref idref="fl-4"/>
      </object_component>
      <object_component id="oc-23c">
         <name>.debug_line</name>
         <load_address>0xf13</load_address>
         <run_address>0xf13</run_address>
         <size>0x30</size>
         <input_file_ref idref="fl-4"/>
      </object_component>
      <object_component id="oc-22c">
         <name>.debug_line</name>
         <load_address>0xf43</load_address>
         <run_address>0xf43</run_address>
         <size>0x30</size>
         <input_file_ref idref="fl-4"/>
      </object_component>
      <object_component id="oc-23e">
         <name>.debug_line</name>
         <load_address>0xf73</load_address>
         <run_address>0xf73</run_address>
         <size>0x30</size>
         <input_file_ref idref="fl-4"/>
      </object_component>
      <object_component id="oc-28e">
         <name>.debug_line</name>
         <load_address>0xfa3</load_address>
         <run_address>0xfa3</run_address>
         <size>0x30</size>
         <input_file_ref idref="fl-4"/>
      </object_component>
      <object_component id="oc-290">
         <name>.debug_line</name>
         <load_address>0xfd3</load_address>
         <run_address>0xfd3</run_address>
         <size>0x30</size>
         <input_file_ref idref="fl-4"/>
      </object_component>
      <object_component id="oc-292">
         <name>.debug_line</name>
         <load_address>0x1003</load_address>
         <run_address>0x1003</run_address>
         <size>0x30</size>
         <input_file_ref idref="fl-4"/>
      </object_component>
      <object_component id="oc-294">
         <name>.debug_line</name>
         <load_address>0x1033</load_address>
         <run_address>0x1033</run_address>
         <size>0x30</size>
         <input_file_ref idref="fl-4"/>
      </object_component>
      <object_component id="oc-296">
         <name>.debug_line</name>
         <load_address>0x1063</load_address>
         <run_address>0x1063</run_address>
         <size>0x30</size>
         <input_file_ref idref="fl-4"/>
      </object_component>
      <object_component id="oc-298">
         <name>.debug_line</name>
         <load_address>0x1093</load_address>
         <run_address>0x1093</run_address>
         <size>0x30</size>
         <input_file_ref idref="fl-4"/>
      </object_component>
      <object_component id="oc-29a">
         <name>.debug_line</name>
         <load_address>0x10c3</load_address>
         <run_address>0x10c3</run_address>
         <size>0x30</size>
         <input_file_ref idref="fl-4"/>
      </object_component>
      <object_component id="oc-29c">
         <name>.debug_line</name>
         <load_address>0x10f3</load_address>
         <run_address>0x10f3</run_address>
         <size>0x30</size>
         <input_file_ref idref="fl-4"/>
      </object_component>
      <object_component id="oc-29e">
         <name>.debug_line</name>
         <load_address>0x1123</load_address>
         <run_address>0x1123</run_address>
         <size>0x30</size>
         <input_file_ref idref="fl-4"/>
      </object_component>
      <object_component id="oc-2a0">
         <name>.debug_line</name>
         <load_address>0x1153</load_address>
         <run_address>0x1153</run_address>
         <size>0x30</size>
         <input_file_ref idref="fl-4"/>
      </object_component>
      <object_component id="oc-1ed">
         <name>.debug_line</name>
         <load_address>0x1183</load_address>
         <run_address>0x1183</run_address>
         <size>0x30</size>
         <input_file_ref idref="fl-4"/>
      </object_component>
      <object_component id="oc-240">
         <name>.debug_line</name>
         <load_address>0x11b3</load_address>
         <run_address>0x11b3</run_address>
         <size>0x30</size>
         <input_file_ref idref="fl-4"/>
      </object_component>
      <object_component id="oc-244">
         <name>.debug_line</name>
         <load_address>0x11e3</load_address>
         <run_address>0x11e3</run_address>
         <size>0x30</size>
         <input_file_ref idref="fl-4"/>
      </object_component>
      <object_component id="oc-201">
         <name>.debug_line</name>
         <load_address>0x1213</load_address>
         <run_address>0x1213</run_address>
         <size>0x30</size>
         <input_file_ref idref="fl-4"/>
      </object_component>
      <object_component id="oc-1ef">
         <name>.debug_line</name>
         <load_address>0x1243</load_address>
         <run_address>0x1243</run_address>
         <size>0x2f</size>
         <input_file_ref idref="fl-4"/>
      </object_component>
      <object_component id="oc-1f1">
         <name>.debug_line</name>
         <load_address>0x1272</load_address>
         <run_address>0x1272</run_address>
         <size>0x2f</size>
         <input_file_ref idref="fl-4"/>
      </object_component>
      <object_component id="oc-75">
         <name>.debug_line</name>
         <load_address>0x12a1</load_address>
         <run_address>0x12a1</run_address>
         <size>0x3ba</size>
         <input_file_ref idref="fl-4"/>
      </object_component>
      <object_component id="oc-9d">
         <name>.debug_line</name>
         <load_address>0x165b</load_address>
         <run_address>0x165b</run_address>
         <size>0x41</size>
         <input_file_ref idref="fl-5"/>
      </object_component>
      <object_component id="oc-31">
         <name>.debug_line</name>
         <load_address>0x169c</load_address>
         <run_address>0x169c</run_address>
         <size>0x41</size>
         <input_file_ref idref="fl-5"/>
      </object_component>
      <object_component id="oc-28">
         <name>.debug_line</name>
         <load_address>0x16dd</load_address>
         <run_address>0x16dd</run_address>
         <size>0xa1</size>
         <input_file_ref idref="fl-5"/>
      </object_component>
      <object_component id="oc-2cd">
         <name>.debug_line</name>
         <load_address>0x177e</load_address>
         <run_address>0x177e</run_address>
         <size>0x82</size>
         <input_file_ref idref="fl-b"/>
      </object_component>
      <object_component id="oc-169">
         <name>.debug_line</name>
         <load_address>0x1800</load_address>
         <run_address>0x1800</run_address>
         <size>0x92</size>
         <input_file_ref idref="fl-b"/>
      </object_component>
      <object_component id="oc-264">
         <name>.debug_line</name>
         <load_address>0x1892</load_address>
         <run_address>0x1892</run_address>
         <size>0x95</size>
         <input_file_ref idref="fl-b"/>
      </object_component>
      <object_component id="oc-163">
         <name>.debug_line</name>
         <load_address>0x1927</load_address>
         <run_address>0x1927</run_address>
         <size>0xd1</size>
         <input_file_ref idref="fl-b"/>
      </object_component>
      <object_component id="oc-15d">
         <name>.debug_line</name>
         <load_address>0x19f8</load_address>
         <run_address>0x19f8</run_address>
         <size>0x99</size>
         <input_file_ref idref="fl-b"/>
      </object_component>
      <object_component id="oc-157">
         <name>.debug_line</name>
         <load_address>0x1a91</load_address>
         <run_address>0x1a91</run_address>
         <size>0x93</size>
         <input_file_ref idref="fl-b"/>
      </object_component>
      <object_component id="oc-16f">
         <name>.debug_line</name>
         <load_address>0x1b24</load_address>
         <run_address>0x1b24</run_address>
         <size>0x92</size>
         <input_file_ref idref="fl-b"/>
      </object_component>
      <object_component id="oc-24e">
         <name>.debug_line</name>
         <load_address>0x1bb6</load_address>
         <run_address>0x1bb6</run_address>
         <size>0x20</size>
         <input_file_ref idref="fl-b"/>
      </object_component>
      <object_component id="oc-138">
         <name>.debug_line</name>
         <load_address>0x1bd6</load_address>
         <run_address>0x1bd6</run_address>
         <size>0x69</size>
         <input_file_ref idref="fl-b"/>
      </object_component>
      <object_component id="oc-251">
         <name>.debug_line</name>
         <load_address>0x1c3f</load_address>
         <run_address>0x1c3f</run_address>
         <size>0x13d</size>
         <input_file_ref idref="fl-d"/>
      </object_component>
      <object_component id="oc-151">
         <name>.debug_line</name>
         <load_address>0x1d7c</load_address>
         <run_address>0x1d7c</run_address>
         <size>0x94</size>
         <input_file_ref idref="fl-d"/>
      </object_component>
      <object_component id="oc-7b">
         <name>.debug_line</name>
         <load_address>0x1e10</load_address>
         <run_address>0x1e10</run_address>
         <size>0xee</size>
         <input_file_ref idref="fl-d"/>
      </object_component>
      <object_component id="oc-255">
         <name>.debug_line</name>
         <load_address>0x1efe</load_address>
         <run_address>0x1efe</run_address>
         <size>0x7f</size>
         <input_file_ref idref="fl-d"/>
      </object_component>
      <object_component id="oc-26d">
         <name>.debug_line</name>
         <load_address>0x1f7d</load_address>
         <run_address>0x1f7d</run_address>
         <size>0x82</size>
         <input_file_ref idref="fl-e"/>
      </object_component>
      <object_component id="oc-107">
         <name>.debug_line</name>
         <load_address>0x1fff</load_address>
         <run_address>0x1fff</run_address>
         <size>0x95</size>
         <input_file_ref idref="fl-e"/>
      </object_component>
      <object_component id="oc-99">
         <name>.debug_line</name>
         <load_address>0x2094</load_address>
         <run_address>0x2094</run_address>
         <size>0x95</size>
         <input_file_ref idref="fl-e"/>
      </object_component>
      <object_component id="oc-93">
         <name>.debug_line</name>
         <load_address>0x2129</load_address>
         <run_address>0x2129</run_address>
         <size>0x95</size>
         <input_file_ref idref="fl-e"/>
      </object_component>
      <object_component id="oc-8d">
         <name>.debug_line</name>
         <load_address>0x21be</load_address>
         <run_address>0x21be</run_address>
         <size>0x92</size>
         <input_file_ref idref="fl-e"/>
      </object_component>
      <object_component id="oc-fb">
         <name>.debug_line</name>
         <load_address>0x2250</load_address>
         <run_address>0x2250</run_address>
         <size>0x92</size>
         <input_file_ref idref="fl-e"/>
      </object_component>
      <object_component id="oc-42">
         <name>.debug_line</name>
         <load_address>0x22e2</load_address>
         <run_address>0x22e2</run_address>
         <size>0x88</size>
         <input_file_ref idref="fl-c5"/>
      </object_component>
      <object_component id="oc-188">
         <name>.debug_line</name>
         <load_address>0x236a</load_address>
         <run_address>0x236a</run_address>
         <size>0xa9</size>
         <input_file_ref idref="fl-c6"/>
      </object_component>
      <object_component id="oc-4e">
         <name>.debug_line</name>
         <load_address>0x2413</load_address>
[...]
      <symbol id="sm-f4">
         <name>Nokia5110_SetPxl_status</name>
         <value>0x2a59</value>
         <object_component_ref idref="oc-7d"/>
      </symbol>
      <symbol id="sm-f5">
         <name>Nokia5110_OutUDec</name>
         <value>0x2465</value>
         <object_component_ref idref="oc-7d"/>
      </symbol>
      <symbol id="sm-f6">
         <name>VerificaBufferPixel</name>
         <value>0x2d41</value>
         <object_component_ref idref="oc-7d"/>
      </symbol>
      <symbol id="sm-f7">
         <name>Nokia5110_OutChar</name>
         <value>0x23f9</value>
         <object_component_ref idref="oc-7d"/>
      </symbol>
      <symbol id="sm-f8">
         <name>Nokia5110_ClrPxl</name>
         <value>0x2949</value>
         <object_component_ref idref="oc-7d"/>
      </symbol>
      <symbol id="sm-f9">
         <name>Nokia5110_Clear</name>
         <value>0x26b9</value>
         <object_component_ref idref="oc-7d"/>
      </symbol>
      <symbol id="sm-fa">
         <name>Masks</name>
         <value>0x2234</value>
         <object_component_ref idref="oc-141"/>
      </symbol>
      <symbol id="sm-112">
         <name>le_matriz</name>
         <value>0x386b</value>
         <object_component_ref idref="oc-83"/>
      </symbol>
      <symbol id="sm-113">
         <name>configura_PINO_PULLUP</name>
         <value>0x37fd</value>
         <object_component_ref idref="oc-83"/>
      </symbol>
      <symbol id="sm-114">
         <name>destrava_PINO</name>
         <value>0x37d1</value>
         <object_component_ref idref="oc-83"/>
      </symbol>
      <symbol id="sm-115">
         <name>configuracoes</name>
         <value>0x381b</value>
         <object_component_ref idref="oc-83"/>
      </symbol>
      <symbol id="sm-125">
         <name>main</name>
         <value>0x3aed</value>
         <object_component_ref idref="oc-2a"/>
      </symbol>
      <symbol id="sm-126">
         <name>trataSysTick</name>
         <value>0x3ae5</value>
         <object_component_ref idref="oc-2a"/>
      </symbol>
      <symbol id="sm-308">
         <name>skater3_Bitmap</name>
         <value>0x1f8d</value>
         <object_component_ref idref="oc-208"/>
      </symbol>
      <symbol id="sm-309">
         <name>posicao_obstaculo_X</name>
         <value>0x2000045c</value>
         <object_component_ref idref="oc-e2"/>
      </symbol>
      <symbol id="sm-30a">
         <name>obs4_Bitmap</name>
         <value>0x2229</value>
         <object_component_ref idref="oc-1fb"/>
      </symbol>
      <symbol id="sm-30b">
         <name>obs3_Bitmap</name>
         <value>0x221e</value>
         <object_component_ref idref="oc-1f8"/>
      </symbol>
      <symbol id="sm-30c">
         <name>botoes</name>
         <value>0x2f8d</value>
         <object_component_ref idref="oc-71"/>
      </symbol>
      <symbol id="sm-30d">
         <name>scorebg_Bitmap</name>
         <value>0x21f8</value>
         <object_component_ref idref="oc-d9"/>
      </symbol>
      <symbol id="sm-30e">
         <name>stage2_Bitmap</name>
         <value>0x1034</value>
         <object_component_ref idref="oc-21f"/>
      </symbol>
      <symbol id="sm-30f">
         <name>func_obstaculo</name>
         <value>0x3421</value>
         <object_component_ref idref="oc-71"/>
      </symbol>
      <symbol id="sm-310">
         <name>cinco_Bitmap</name>
         <value>0x223c</value>
         <object_component_ref idref="oc-1dd"/>
      </symbol>
      <symbol id="sm-311">
         <name>zero_Bitmap</name>
         <value>0x2269</value>
         <object_component_ref idref="oc-1ce"/>
      </symbol>
      <symbol id="sm-312">
         <name>posicao_nuvem2</name>
         <value>0x20000414</value>
         <object_component_ref idref="oc-df"/>
      </symbol>
      <symbol id="sm-313">
         <name>menu</name>
         <value>0x2edf</value>
         <object_component_ref idref="oc-71"/>
      </symbol>
      <symbol id="sm-314">
         <name>youwin2_Bitmap</name>
         <value>0x1814</value>
         <object_component_ref idref="oc-11e"/>
      </symbol>
      <symbol id="sm-315">
         <name>scorefinal_Bitmap</name>
         <value>0x2185</value>
         <object_component_ref idref="oc-124"/>
      </symbol>
      <symbol id="sm-316">
         <name>posicao_nuvem</name>
         <value>0x20000410</value>
         <object_component_ref idref="oc-df"/>
      </symbol>
      <symbol id="sm-317">
         <name>restart</name>
         <value>0x3189</value>
         <object_component_ref idref="oc-71"/>
      </symbol>
      <symbol id="sm-318">
         <name>start</name>
         <value>0x3071</value>
         <object_component_ref idref="oc-71"/>
      </symbol>
      <symbol id="sm-319">
         <name>obs</name>
         <value>0x20000424</value>
         <object_component_ref idref="oc-df"/>
      </symbol>
      <symbol id="sm-31a">
         <name>pos_skate</name>
         <value>0x2000041c</value>
         <object_component_ref idref="oc-df"/>
      </symbol>
      <symbol id="sm-31b">
         <name>p</name>
         <value>0x20000420</value>
         <object_component_ref idref="oc-df"/>
      </symbol>
      <symbol id="sm-31c">
         <name>ajuda3_Bitmap</name>
         <value>0x464</value>
         <object_component_ref idref="oc-f4"/>
      </symbol>
      <symbol id="sm-31d">
         <name>skate_Bitmap</name>
         <value>0x21d1</value>
         <object_component_ref idref="oc-127"/>
      </symbol>
      <symbol id="sm-31e">
         <name>ptsMax</name>
         <value>0x20000454</value>
         <object_component_ref idref="oc-df"/>
      </symbol>
      <symbol id="sm-31f">
         <name>game_over_Bitmap</name>
         <value>0xa4c</value>
         <object_component_ref idref="oc-115"/>
      </symbol>
      <symbol id="sm-320">
         <name>obs1_Bitmap</name>
         <value>0x2208</value>
         <object_component_ref idref="oc-1f2"/>
      </symbol>
      <symbol id="sm-321">
         <name>over</name>
         <value>0x32b1</value>
         <object_component_ref idref="oc-71"/>
      </symbol>
      <symbol id="sm-322">
         <name>obstac</name>
         <value>0x200004ec</value>
         <object_component_ref idref="oc-e5"/>
      </symbol>
      <symbol id="sm-323">
         <name>nove_Bitmap</name>
         <value>0x2246</value>
         <object_component_ref idref="oc-1e9"/>
      </symbol>
      <symbol id="sm-324">
         <name>scorefinal3_Bitmap</name>
         <value>0x214f</value>
         <object_component_ref idref="oc-12d"/>
      </symbol>
      <symbol id="sm-325">
         <name>ganhou</name>
         <value>0x323d</value>
         <object_component_ref idref="oc-71"/>
      </symbol>
      <symbol id="sm-326">
         <name>MAX</name>
         <value>0x20000434</value>
         <object_component_ref idref="oc-df"/>
      </symbol>
      <symbol id="sm-327">
         <name>dois_Bitmap</name>
         <value>0x2241</value>
         <object_component_ref idref="oc-1d4"/>
      </symbol>
      <symbol id="sm-328">
         <name>stage1_Bitmap</name>
         <value>0xe3c</value>
         <object_component_ref idref="oc-21c"/>
      </symbol>
      <symbol id="sm-329">
         <name>inverte</name>
         <value>0x20000418</value>
         <object_component_ref idref="oc-df"/>
      </symbol>
      <symbol id="sm-32a">
         <name>morre</name>
         <value>0x31d1</value>
         <object_component_ref idref="oc-71"/>
      </symbol>
      <symbol id="sm-32b">
         <name>pts</name>
         <value>0x20000448</value>
         <object_component_ref idref="oc-df"/>
      </symbol>
      <symbol id="sm-32c">
         <name>stage</name>
         <value>0x200004c0</value>
         <object_component_ref idref="oc-100"/>
      </symbol>
      <symbol id="sm-32d">
         <name>bg_Bitmap</name>
         <value>0x20c5</value>
         <object_component_ref idref="oc-d6"/>
      </symbol>
      <symbol id="sm-32e">
         <name>bg1_Bitmap</name>
         <value>0x21e6</value>
         <object_component_ref idref="oc-130"/>
      </symbol>
      <symbol id="sm-32f">
         <name>skater1_Bitmap</name>
         <value>0x1ebd</value>
         <object_component_ref idref="oc-202"/>
      </symbol>
      <symbol id="sm-330">
         <name>skater4_Bitmap</name>
         <value>0x1ff5</value>
         <object_component_ref idref="oc-20b"/>
      </symbol>
      <symbol id="sm-331">
         <name>debouncerNuvem2</name>
         <value>0x20000440</value>
         <object_component_ref idref="oc-df"/>
      </symbol>
      <symbol id="sm-332">
         <name>stagebonus_Bitmap</name>
         <value>0x161c</value>
         <object_component_ref idref="oc-228"/>
      </symbol>
      <symbol id="sm-333">
         <name>debouncer</name>
         <value>0x20000430</value>
         <object_component_ref idref="oc-df"/>
      </symbol>
      <symbol id="sm-334">
         <name>scorefinal2_Bitmap</name>
         <value>0x2119</value>
         <object_component_ref idref="oc-12a"/>
      </symbol>
      <symbol id="sm-335">
         <name>pontuacaoTOTAL</name>
         <value>0x20000450</value>
         <object_component_ref idref="oc-df"/>
      </symbol>
      <symbol id="sm-336">
         <name>pos</name>
         <value>0x20000428</value>
         <object_component_ref idref="oc-df"/>
      </symbol>
      <symbol id="sm-337">
         <name>skater</name>
         <value>0x200004d8</value>
         <object_component_ref idref="oc-eb"/>
      </symbol>
      <symbol id="sm-338">
         <name>debouncerNuvem</name>
         <value>0x2000043c</value>
         <object_component_ref idref="oc-df"/>
      </symbol>
      <symbol id="sm-339">
         <name>circulo_Bitmap</name>
         <value>0x1e54</value>
         <object_component_ref idref="oc-121"/>
      </symbol>
      <symbol id="sm-33a">
         <name>ajuda_Bitmap</name>
         <value>0x65c</value>
         <object_component_ref idref="oc-f1"/>
      </symbol>
      <symbol id="sm-33b">
         <name>quatro_Bitmap</name>
         <value>0x2250</value>
         <object_component_ref idref="oc-1da"/>
      </symbol>
      <symbol id="sm-33c">
         <name>background</name>
         <value>0x2d71</value>
         <object_component_ref idref="oc-71"/>
      </symbol>
      <symbol id="sm-33d">
         <name>debouncerJump</name>
         <value>0x20000438</value>
         <object_component_ref idref="oc-df"/>
      </symbol>
      <symbol id="sm-33e">
         <name>ajuda</name>
         <value>0x2f37</value>
         <object_component_ref idref="oc-71"/>
      </symbol>
      <symbol id="sm-33f">
         <name>obsinicio_Bitmap</name>
         <value>0x21bb</value>
         <object_component_ref idref="oc-e8"/>
      </symbol>
      <symbol id="sm-340">
         <name>sete_Bitmap</name>
         <value>0x225a</value>
         <object_component_ref idref="oc-1e3"/>
      </symbol>
      <symbol id="sm-341">
         <name>tres_Bitmap</name>
         <value>0x225f</value>
         <object_component_ref idref="oc-1d7"/>
      </symbol>
      <symbol id="sm-342">
         <name>seis_Bitmap</name>
         <value>0x2255</value>
         <object_component_ref idref="oc-1e0"/>
      </symbol>
      <symbol id="sm-343">
         <name>skater2_Bitmap</name>
         <value>0x1f25</value>
         <object_component_ref idref="oc-205"/>
      </symbol>
      <symbol id="sm-344">
         <name>nuvem</name>
         <value>0x2000040c</value>
         <object_component_ref idref="oc-df"/>
      </symbol>
      <symbol id="sm-345">
         <name>skater5_Bitmap</name>
         <value>0x205d</value>
         <object_component_ref idref="oc-20e"/>
      </symbol>
      <symbol id="sm-346">
         <name>cloud</name>
         <value>0x3565</value>
         <object_component_ref idref="oc-71"/>
      </symbol>
      <symbol id="sm-347">
         <name>oito_Bitmap</name>
         <value>0x224b</value>
         <object_component_ref idref="oc-1e6"/>
      </symbol>
      <symbol id="sm-348">
         <name>menu_Bitmap</name>
         <value>0xc44</value>
         <object_component_ref idref="oc-ee"/>
      </symbol>
      <symbol id="sm-349">
         <name>verifica</name>
         <value>0x3499</value>
         <object_component_ref idref="oc-71"/>
      </symbol>
      <symbol id="sm-34a">
         <name>youwin_Bitmap</name>
         <value>0x1a0c</value>
         <object_component_ref idref="oc-11b"/>
      </symbol>
      <symbol id="sm-34b">
         <name>debouncerSkate</name>
         <value>0x20000444</value>
         <object_component_ref idref="oc-df"/>
      </symbol>
      <symbol id="sm-34c">
         <name>obs2_Bitmap</name>
         <value>0x2213</value>
         <object_component_ref idref="oc-1f5"/>
      </symbol>
      <symbol id="sm-34d">
         <name>skate</name>
         <value>0x34f1</value>
         <object_component_ref idref="oc-71"/>
      </symbol>
      <symbol id="sm-34e">
         <name>game_over2_Bitmap</name>
         <value>0x854</value>
         <object_component_ref idref="oc-118"/>
      </symbol>
      <symbol id="sm-34f">
         <name>numeros_Bitmap</name>
         <value>0x20000498</value>
         <object_component_ref idref="oc-dc"/>
      </symbol>
      <symbol id="sm-350">
         <name>stage3_Bitmap</name>
         <value>0x122c</value>
         <object_component_ref idref="oc-222"/>
      </symbol>
      <symbol id="sm-351">
         <name>um_Bitmap</name>
         <value>0x2264</value>
         <object_component_ref idref="oc-1d1"/>
      </symbol>
      <symbol id="sm-352">
         <name>stage4_Bitmap</name>
         <value>0x1424</value>
         <object_component_ref idref="oc-225"/>
      </symbol>
      <symbol id="sm-353">
         <name>inicio</name>
         <value>0x2e51</value>
         <object_component_ref idref="oc-71"/>
      </symbol>
      <symbol id="sm-354">
         <name>ajuda1_Bitmap</name>
         <value>0x26c</value>
         <object_component_ref idref="oc-fd"/>
      </symbol>
      <symbol id="sm-355">
         <name>stage_pos</name>
         <value>0x2000044c</value>
         <object_component_ref idref="oc-df"/>
      </symbol>
      <symbol id="sm-371">
         <name>ResetISR</name>
         <value>0x3d0d</value>
         <object_component_ref idref="oc-24"/>
      </symbol>
      <symbol id="sm-372">
         <name>g_pfnVectors</name>
         <value>0x0</value>
         <object_component_ref idref="oc-f"/>
      </symbol>
      <symbol id="sm-3b3">
         <name>GPIOPinTypeGPIOInput</name>
         <value>0x3cbd</value>
         <object_component_ref idref="oc-153"/>
      </symbol>
      <symbol id="sm-3b4">
         <name>GPIOPinTypeGPIOOutput</name>
         <value>0x3c69</value>
         <object_component_ref idref="oc-159"/>
      </symbol>
      <symbol id="sm-3b5">
         <name>GPIOPinRead</name>
         <value>0x3d19</value>
         <object_component_ref idref="oc-16b"/>
      </symbol>
      <symbol id="sm-3b6">
         <name>GPIODirModeSet</name>
         <value>0x3c19</value>
         <object_component_ref idref="oc-260"/>
      </symbol>
      <symbol id="sm-3b7">
         <name>GPIOPinWrite</name>
         <value>0x3d1f</value>
         <object_component_ref idref="oc-165"/>
      </symbol>
      <symbol id="sm-3b8">
         <name>GPIOPadConfigSet</name>
         <value>0x369d</value>
         <object_component_ref idref="oc-15f"/>
      </symbol>
      <symbol id="sm-3e5">
         <name>SysCtlClockSet</name>
         <value>0x38ed</value>
         <object_component_ref idref="oc-77"/>
      </symbol>
      <symbol id="sm-3e6">
         <name>SysCtlDelay</name>
         <value>0x3d25</value>
         <object_component_ref idref="oc-d5"/>
      </symbol>
      <symbol id="sm-3e7">
         <name>SysCtlPeripheralEnable</name>
         <value>0x3bb1</value>
         <object_component_ref idref="oc-14d"/>
      </symbol>
      <symbol id="sm-41e">
         <name>SysTickEnable</name>
         <value>0x3c95</value>
         <object_component_ref idref="oc-89"/>
      </symbol>
      <symbol id="sm-41f">
         <name>SysTickIntEnable</name>
         <value>0x3ca9</value>
         <object_component_ref idref="oc-8f"/>
      </symbol>
      <symbol id="sm-420">
         <name>SysTickValueGet</name>
         <value>0x3d01</value>
         <object_component_ref idref="oc-103"/>
      </symbol>
      <symbol id="sm-421">
         <name>SysTickPeriodSet</name>
         <value>0x3ce1</value>
         <object_component_ref idref="oc-95"/>
      </symbol>
      <symbol id="sm-422">
         <name>SysTickDisable</name>
         <value>0x3c81</value>
         <object_component_ref idref="oc-f7"/>
      </symbol>
      <symbol id="sm-43e">
         <name>memcpy</name>
         <value>0x39e1</value>
         <object_component_ref idref="oc-3e"/>
      </symbol>
      <symbol id="sm-43f">
         <name>__aeabi_memcpy</name>
         <value>0x39e1</value>
         <object_component_ref idref="oc-3e"/>
      </symbol>
      <symbol id="sm-440">
         <name>__aeabi_memcpy8</name>
         <value>0x39e1</value>
         <object_component_ref idref="oc-3e"/>
      </symbol>
      <symbol id="sm-441">
         <name>__aeabi_memcpy4</name>
         <value>0x39e1</value>
         <object_component_ref idref="oc-3e"/>
      </symbol>
      <symbol id="sm-45a">
         <name>__TI_zero_init_nomemset</name>
         <value>0x3ccf</value>
         <object_component_ref idref="oc-4a"/>
      </symbol>
      <symbol id="sm-471">
         <name>__TI_decompress_none</name>
         <value>0x3cf1</value>
         <object_component_ref idref="oc-18"/>
      </symbol>
      <symbol id="sm-494">
         <name>__TI_decompress_lzss</name>
         <value>0x3a7d</value>
         <object_component_ref idref="oc-12"/>
      </symbol>
      <symbol id="sm-4a7">
         <name>__stack</name>
         <value>0x20000000</value>
         <object_component_ref idref="oc-21"/>
      </symbol>
      <symbol id="sm-4a8">
         <name>_c_int00_noargs</name>
         <value>0x3b79</value>
         <object_component_ref idref="oc-5c"/>
      </symbol>
      <symbol id="sm-4b3">
         <name>C$$EXIT</name>
         <value>0x3d2f</value>
         <object_component_ref idref="oc-18b"/>
      </symbol>
      <symbol id="sm-4b4">
         <name>abort</name>
         <value>0x3d2f</value>
         <object_component_ref idref="oc-18b"/>
      </symbol>
      <symbol id="sm-4c9">
         <name>_nop</name>
         <value>0x37cf</value>
         <object_component_ref idref="oc-2bd"/>
      </symbol>
      <symbol id="sm-4ca">
         <name>_lock</name>
         <value>0x200004fc</value>
         <object_component_ref idref="oc-22e"/>
      </symbol>
      <symbol id="sm-4cb">
         <name>_unlock</name>
         <value>0x20000500</value>
         <object_component_ref idref="oc-22e"/>
      </symbol>
      <symbol id="sm-4f1">
         <name>rand</name>
         <value>0x3be5</value>
         <object_component_ref idref="oc-10f"/>
      </symbol>
      <symbol id="sm-4f2">
         <name>srand</name>
         <value>0x3c45</value>
         <object_component_ref idref="oc-109"/>
      </symbol>
      <symbol id="sm-51b">
         <name>__TI_auto_init_nobinit_nopinit</name>
         <value>0x3b35</value>
         <object_component_ref idref="oc-197"/>
      </symbol>
      <symbol id="sm-525">
         <name>_system_pre_init</name>
         <value>0x3d2b</value>
         <object_component_ref idref="oc-c3"/>
      </symbol>
      <symbol id="sm-527">
         <name>__TI_static_base__</name>
         <value>0x0</value>
      </symbol>
      <symbol id="sm-52a">
         <name>__mpu_init</name>
         <value>0x0</value>
      </symbol>
      <symbol id="sm-52b">
         <name>_system_post_cinit</name>
         <value>0x0</value>
      </symbol>
   </symbol_table>
   <title>Link successful</title>
</link_info>
